701
701
701
None
701
701
701
701
None
None
364
670
707
707
None
405
None
405
None
532
532
532
532
532
532
None
532
None
None
578
None
None
872
342
342
342
None
438
None
435
435
540
540
34
310
310
None
540
None
310
None
540
None
310
None
72
None
None
None
None
887
282
154
3
None
158
None
282
None
282
158
158
